2026.01.18 12:32:30 INFO  Started: Metals version 1.6.4 in folders '/Users/sw/Documents/workspace/swcenter' for client Visual Studio Code 1.108.1.
2026.01.18 12:32:31 WARN  Using H2 2.4.240 which is newer than the version Flyway has been verified with. The latest verified version of H2 is 2.3.232.
2026.01.18 12:32:31 INFO  no build target found for /Users/sw/Documents/workspace/swcenter/src/main/java/com/thc/sprbasic2025/security/JwtAuthorizationFilter.java. Using fallback presentation compiler.
2026.01.18 12:32:32 INFO  no build target found for /Users/sw/Documents/workspace/swcenter/src/main/java/com/thc/sprbasic2025/security/JwtAuthorizationFilter.java. Using fallback presentation compiler.
2026.01.18 12:32:32 INFO  no build target found for /Users/sw/Documents/workspace/swcenter/src/main/java/com/thc/sprbasic2025/security/JwtAuthorizationFilter.java. Using fallback presentation compiler.
2026.01.18 12:32:32 INFO  no build target found for /Users/sw/Documents/workspace/swcenter/src/main/java/com/thc/sprbasic2025/security/JwtAuthorizationFilter.java. Using fallback presentation compiler.
2026.01.18 12:32:33 INFO  no build target found for /Users/sw/Documents/workspace/swcenter/src/main/java/com/thc/sprbasic2025/security/JwtAuthorizationFilter.java. Using fallback presentation compiler.
Jan 18, 2026 12:32:33 PM org.eclipse.lsp4j.jsonrpc.RemoteEndpoint handleCancellation
WARNING: Unmatched cancel notification for request id 7
Jan 18, 2026 12:32:33 PM org.eclipse.lsp4j.jsonrpc.RemoteEndpoint handleCancellation
WARNING: Unmatched cancel notification for request id 3
2026.01.18 12:32:32 INFO  no build target found for /Users/sw/Documents/workspace/swcenter/src/main/java/com/thc/sprbasic2025/security/JwtAuthorizationFilter.java. Using fallback presentation compiler.
2026.01.18 12:32:33 INFO  no build target found for /Users/sw/Documents/workspace/swcenter/src/main/java/com/thc/sprbasic2025/security/JwtAuthorizationFilter.java. Using fallback presentation compiler.
2026.01.18 12:32:33 INFO  no build target found for /Users/sw/Documents/workspace/swcenter/src/main/java/com/thc/sprbasic2025/security/JwtAuthorizationFilter.java. Using fallback presentation compiler.
Jan 18, 2026 12:32:34 PM org.eclipse.lsp4j.jsonrpc.RemoteEndpoint handleCancellation
WARNING: Unmatched cancel notification for request id 12
2026.01.18 12:32:42 INFO  running '/Users/sw/Documents/workspace/swcenter/gradlew --stacktrace --console=plain --init-script /var/folders/cl/__9tzszj26g0n4m7c3hfbhy80000gn/T/metals6216491002010549471/init-script.gradle bloopInstall'
2026.01.18 12:32:42 INFO  no build target found for /Users/sw/Documents/workspace/swcenter/src/main/java/com/thc/sprbasic2025/security/JwtAuthorizationFilter.java. Using fallback presentation compiler.
2026.01.18 12:32:42 ERROR Running process '/Users/sw/Documents/workspace/swcenter/gradlew --stacktrace --console=plain --init-script /var/folders/cl/__9tzszj26g0n4m7c3hfbhy80000gn/T/metals6216491002010549471/init-script.gradle bloopInstall' failed
java.io.IOException: Cannot run program "/Users/sw/Documents/workspace/swcenter/gradlew" (in directory "/Users/sw/Documents/workspace/swcenter"): error=13, Permission denied
	at java.lang.ProcessBuilder.start(ProcessBuilder.java:1143)
	at java.lang.ProcessBuilder.start(ProcessBuilder.java:1073)
	at scala.meta.internal.process.SystemProcess$.run(SystemProcess.scala:48)
	at scala.meta.internal.builds.ShellRunner.run(ShellRunner.scala:102)
	at scala.meta.internal.builds.BloopInstall.runArgumentsUnconditionally(BloopInstall.scala:74)
	at scala.meta.internal.builds.BloopInstall.$anonfun$run$1(BloopInstall.scala:49)
	at scala.meta.internal.builds.BloopInstallProvider.bloopInstall(BloopInstallProvider.scala:22)
	at scala.meta.internal.builds.BloopInstallProvider.bloopInstall$(BloopInstallProvider.scala:17)
	at scala.meta.internal.builds.GradleBuildTool.bloopInstall(GradleBuildTool.scala:20)
	at scala.meta.internal.builds.BloopInstall.run(BloopInstall.scala:46)
	at scala.meta.internal.metals.ConnectionProvider$Connect$.bloopInstallAndConnect(ConnectionProvider.scala:696)
	at scala.meta.internal.metals.ConnectionProvider$Connect$.$anonfun$pollAndConnect$1(ConnectionProvider.scala:396)
	at scala.meta.internal.metals.ConnectionProvider$Connect$.$anonfun$pollAndConnect$1$adapted(ConnectionProvider.scala:374)
	at scala.Option.foreach(Option.scala:437)
	at scala.meta.internal.metals.ConnectionProvider$Connect$.pollAndConnect(ConnectionProvider.scala:374)
	at scala.meta.internal.metals.ConnectionProvider$Connect$.connect(ConnectionProvider.scala:332)
	at scala.meta.internal.metals.ConnectionProvider.runInstall$1(ConnectionProvider.scala:165)
	at scala.meta.internal.metals.ConnectionProvider.$anonfun$slowConnectToBuildServer$2(ConnectionProvider.scala:168)
	at scala.meta.internal.builds.BloopInstall.$anonfun$runIfApproved$3(BloopInstall.scala:153)
	at scala.concurrent.impl.Promise$Transformation.run(Promise.scala:503)
	at java.util.concurrent.ThreadPoolExecutor.runWorker(ThreadPoolExecutor.java:1136)
	at java.util.concurrent.ThreadPoolExecutor$Worker.run(ThreadPoolExecutor.java:635)
	at java.lang.Thread.run(Thread.java:840)
Caused by: java.io.IOException: error=13, Permission denied
	at java.lang.ProcessImpl.forkAndExec(Native Method)
	at java.lang.ProcessImpl.<init>(ProcessImpl.java:314)
	at java.lang.ProcessImpl.start(ProcessImpl.java:244)
	at java.lang.ProcessBuilder.start(ProcessBuilder.java:1110)
	at java.lang.ProcessBuilder.start(ProcessBuilder.java:1073)
	at scala.meta.internal.process.SystemProcess$.run(SystemProcess.scala:48)
	at scala.meta.internal.builds.ShellRunner.run(ShellRunner.scala:102)
	at scala.meta.internal.builds.BloopInstall.runArgumentsUnconditionally(BloopInstall.scala:74)
	at scala.meta.internal.builds.BloopInstall.$anonfun$run$1(BloopInstall.scala:49)
	at scala.meta.internal.builds.BloopInstallProvider.bloopInstall(BloopInstallProvider.scala:22)
	at scala.meta.internal.builds.BloopInstallProvider.bloopInstall$(BloopInstallProvider.scala:17)
	at scala.meta.internal.builds.GradleBuildTool.bloopInstall(GradleBuildTool.scala:20)
	at scala.meta.internal.builds.BloopInstall.run(BloopInstall.scala:46)
	at scala.meta.internal.metals.ConnectionProvider$Connect$.bloopInstallAndConnect(ConnectionProvider.scala:696)
	at scala.meta.internal.metals.ConnectionProvider$Connect$.$anonfun$pollAndConnect$1(ConnectionProvider.scala:396)
	at scala.meta.internal.metals.ConnectionProvider$Connect$.$anonfun$pollAndConnect$1$adapted(ConnectionProvider.scala:374)
	at scala.Option.foreach(Option.scala:437)
	at scala.meta.internal.metals.ConnectionProvider$Connect$.pollAndConnect(ConnectionProvider.scala:374)
	at scala.meta.internal.metals.ConnectionProvider$Connect$.connect(ConnectionProvider.scala:332)
	at scala.meta.internal.metals.ConnectionProvider.runInstall$1(ConnectionProvider.scala:165)
	at scala.meta.internal.metals.ConnectionProvider.$anonfun$slowConnectToBuildServer$2(ConnectionProvider.scala:168)
	at scala.meta.internal.builds.BloopInstall.$anonfun$runIfApproved$3(BloopInstall.scala:153)
	at scala.concurrent.impl.Promise$Transformation.run(Promise.scala:503)
	at java.util.concurrent.ThreadPoolExecutor.runWorker(ThreadPoolExecutor.java:1136)
	at java.util.concurrent.ThreadPoolExecutor$Worker.run(ThreadPoolExecutor.java:635)
	at java.lang.Thread.run(Thread.java:840)

2026.01.18 12:32:42 INFO  time: ran 'gradle bloopInstall' in 54ms
2026.01.18 12:32:42 ERROR Gradle command failed: /Users/sw/Documents/workspace/swcenter/gradlew --stacktrace --console=plain --init-script /var/folders/cl/__9tzszj26g0n4m7c3hfbhy80000gn/T/metals6216491002010549471/init-script.gradle bloopInstall
2026.01.18 12:32:42 WARN  no build target for: /Users/sw/Documents/workspace/swcenter/src/main/java/com/thc/sprbasic2025/security/JwtAuthorizationFilter.java
2026.01.18 12:32:42 INFO  no build target found for /Users/sw/Documents/workspace/swcenter/src/main/java/com/thc/sprbasic2025/security/JwtAuthorizationFilter.java. Using fallback presentation compiler.
2026.01.18 12:32:44 INFO  no build target found for /Users/sw/Documents/workspace/swcenter/src/main/java/com/thc/sprbasic2025/security/JwtAuthorizationFilter.java. Using fallback presentation compiler.
2026.01.18 12:32:44 INFO  no build target found for /Users/sw/Documents/workspace/swcenter/src/main/java/com/thc/sprbasic2025/security/JwtAuthorizationFilter.java. Using fallback presentation compiler.
2026.01.18 12:32:45 INFO  no build target found for /Users/sw/Documents/workspace/swcenter/src/main/java/com/thc/sprbasic2025/security/JwtAuthorizationFilter.java. Using fallback presentation compiler.
2026.01.18 12:32:54 INFO  no build target found for /Users/sw/Documents/workspace/swcenter/src/main/java/com/thc/sprbasic2025/security/JwtAuthorizationFilter.java. Using fallback presentation compiler.
2026.01.18 12:32:54 WARN  no build target for: /Users/sw/Documents/workspace/swcenter/src/main/java/com/thc/sprbasic2025/util/GithubCommitsByToken.java
2026.01.18 12:32:54 INFO  no build target found for /Users/sw/Documents/workspace/swcenter/src/main/java/com/thc/sprbasic2025/util/GithubCommitsByToken.java. Using fallback presentation compiler.
2026.01.18 12:32:55 INFO  no build target found for /Users/sw/Documents/workspace/swcenter/src/main/java/com/thc/sprbasic2025/util/GithubCommitsByToken.java. Using fallback presentation compiler.
2026.01.18 12:32:54 INFO  no build target found for /Users/sw/Documents/workspace/swcenter/src/main/java/com/thc/sprbasic2025/util/GithubCommitsByToken.java. Using fallback presentation compiler.
2026.01.18 12:32:55 INFO  no build target found for /Users/sw/Documents/workspace/swcenter/src/main/java/com/thc/sprbasic2025/util/GithubCommitsByToken.java. Using fallback presentation compiler.
2026.01.18 12:32:54 INFO  no build target found for /Users/sw/Documents/workspace/swcenter/src/main/java/com/thc/sprbasic2025/util/GithubCommitsByToken.java. Using fallback presentation compiler.
2026.01.18 12:32:56 INFO  no build target found for /Users/sw/Documents/workspace/swcenter/src/main/java/com/thc/sprbasic2025/util/GithubCommitsByToken.java. Using fallback presentation compiler.
2026.01.18 12:32:57 INFO  no build target found for /Users/sw/Documents/workspace/swcenter/src/main/java/com/thc/sprbasic2025/util/GithubCommitsByToken.java. Using fallback presentation compiler.
2026.01.18 12:32:57 WARN  no build target for: /Users/sw/Documents/workspace/swcenter/src/main/java/com/thc/sprbasic2025/util/HttpClientSender.java
2026.01.18 12:32:57 INFO  no build target found for /Users/sw/Documents/workspace/swcenter/src/main/java/com/thc/sprbasic2025/util/HttpClientSender.java. Using fallback presentation compiler.
2026.01.18 12:32:58 INFO  no build target found for /Users/sw/Documents/workspace/swcenter/src/main/java/com/thc/sprbasic2025/util/HttpClientSender.java. Using fallback presentation compiler.
2026.01.18 12:32:58 INFO  no build target found for /Users/sw/Documents/workspace/swcenter/src/main/java/com/thc/sprbasic2025/util/HttpClientSender.java. Using fallback presentation compiler.
2026.01.18 12:32:57 INFO  no build target found for /Users/sw/Documents/workspace/swcenter/src/main/java/com/thc/sprbasic2025/util/HttpClientSender.java. Using fallback presentation compiler.
2026.01.18 12:32:57 INFO  no build target found for /Users/sw/Documents/workspace/swcenter/src/main/java/com/thc/sprbasic2025/util/HttpClientSender.java. Using fallback presentation compiler.
2026.01.18 12:32:59 INFO  no build target found for /Users/sw/Documents/workspace/swcenter/src/main/java/com/thc/sprbasic2025/util/HttpClientSender.java. Using fallback presentation compiler.
2026.01.18 12:33:03 INFO  no build target found for /Users/sw/Documents/workspace/swcenter/src/main/java/com/thc/sprbasic2025/util/HttpClientSender.java. Using fallback presentation compiler.
2026.01.18 12:33:03 WARN  no build target for: /Users/sw/Documents/workspace/swcenter/src/main/java/com/thc/sprbasic2025/util/GithubCommitsByToken.java
2026.01.18 12:33:03 INFO  no build target found for /Users/sw/Documents/workspace/swcenter/src/main/java/com/thc/sprbasic2025/util/GithubCommitsByToken.java. Using fallback presentation compiler.
2026.01.18 12:33:03 INFO  no build target found for /Users/sw/Documents/workspace/swcenter/src/main/java/com/thc/sprbasic2025/util/GithubCommitsByToken.java. Using fallback presentation compiler.
2026.01.18 12:33:03 INFO  no build target found for /Users/sw/Documents/workspace/swcenter/src/main/java/com/thc/sprbasic2025/util/GithubCommitsByToken.java. Using fallback presentation compiler.
2026.01.18 12:33:03 INFO  no build target found for /Users/sw/Documents/workspace/swcenter/src/main/java/com/thc/sprbasic2025/util/GithubCommitsByToken.java. Using fallback presentation compiler.
2026.01.18 12:33:03 INFO  no build target found for /Users/sw/Documents/workspace/swcenter/src/main/java/com/thc/sprbasic2025/util/GithubCommitsByToken.java. Using fallback presentation compiler.
2026.01.18 12:33:06 INFO  no build target found for /Users/sw/Documents/workspace/swcenter/src/main/java/com/thc/sprbasic2025/util/GithubCommitsByToken.java. Using fallback presentation compiler.
2026.01.18 12:33:06 WARN  no build target for: /Users/sw/Documents/workspace/swcenter/src/main/java/com/thc/sprbasic2025/util/WebConnect.java
2026.01.18 12:33:06 INFO  no build target found for /Users/sw/Documents/workspace/swcenter/src/main/java/com/thc/sprbasic2025/util/WebConnect.java. Using fallback presentation compiler.
2026.01.18 12:33:06 INFO  no build target found for /Users/sw/Documents/workspace/swcenter/src/main/java/com/thc/sprbasic2025/util/WebConnect.java. Using fallback presentation compiler.
2026.01.18 12:33:07 INFO  no build target found for /Users/sw/Documents/workspace/swcenter/src/main/java/com/thc/sprbasic2025/util/WebConnect.java. Using fallback presentation compiler.
2026.01.18 12:33:06 INFO  no build target found for /Users/sw/Documents/workspace/swcenter/src/main/java/com/thc/sprbasic2025/util/WebConnect.java. Using fallback presentation compiler.
2026.01.18 12:33:09 INFO  no build target found for /Users/sw/Documents/workspace/swcenter/src/main/java/com/thc/sprbasic2025/util/WebConnect.java. Using fallback presentation compiler.
2026.01.18 12:33:09 WARN  no build target for: /Users/sw/Documents/workspace/swcenter/src/main/java/com/thc/sprbasic2025/util/HttpClientSender.java
2026.01.18 12:33:09 INFO  no build target found for /Users/sw/Documents/workspace/swcenter/src/main/java/com/thc/sprbasic2025/util/HttpClientSender.java. Using fallback presentation compiler.
2026.01.18 12:33:09 INFO  no build target found for /Users/sw/Documents/workspace/swcenter/src/main/java/com/thc/sprbasic2025/util/HttpClientSender.java. Using fallback presentation compiler.
2026.01.18 12:33:09 INFO  no build target found for /Users/sw/Documents/workspace/swcenter/src/main/java/com/thc/sprbasic2025/util/HttpClientSender.java. Using fallback presentation compiler.
2026.01.18 12:33:09 INFO  no build target found for /Users/sw/Documents/workspace/swcenter/src/main/java/com/thc/sprbasic2025/util/HttpClientSender.java. Using fallback presentation compiler.
2026.01.18 12:33:10 INFO  no build target found for /Users/sw/Documents/workspace/swcenter/src/main/java/com/thc/sprbasic2025/util/HttpClientSender.java. Using fallback presentation compiler.
2026.01.18 12:33:10 WARN  no build target for: /Users/sw/Documents/workspace/swcenter/src/main/java/com/thc/sprbasic2025/util/GithubCommitsByToken.java
2026.01.18 12:33:10 INFO  no build target found for /Users/sw/Documents/workspace/swcenter/src/main/java/com/thc/sprbasic2025/util/GithubCommitsByToken.java. Using fallback presentation compiler.
2026.01.18 12:33:10 INFO  no build target found for /Users/sw/Documents/workspace/swcenter/src/main/java/com/thc/sprbasic2025/util/GithubCommitsByToken.java. Using fallback presentation compiler.
2026.01.18 12:33:10 INFO  no build target found for /Users/sw/Documents/workspace/swcenter/src/main/java/com/thc/sprbasic2025/util/GithubCommitsByToken.java. Using fallback presentation compiler.
2026.01.18 12:33:10 INFO  no build target found for /Users/sw/Documents/workspace/swcenter/src/main/java/com/thc/sprbasic2025/util/GithubCommitsByToken.java. Using fallback presentation compiler.
2026.01.18 12:33:12 INFO  no build target found for /Users/sw/Documents/workspace/swcenter/src/main/java/com/thc/sprbasic2025/util/GithubCommitsByToken.java. Using fallback presentation compiler.
2026.01.18 12:33:12 WARN  no build target for: /Users/sw/Documents/workspace/swcenter/src/main/java/com/thc/sprbasic2025/repository/RefreshTokenRepository.java
2026.01.18 12:33:12 INFO  no build target found for /Users/sw/Documents/workspace/swcenter/src/main/java/com/thc/sprbasic2025/repository/RefreshTokenRepository.java. Using fallback presentation compiler.
2026.01.18 12:33:12 INFO  no build target found for /Users/sw/Documents/workspace/swcenter/src/main/java/com/thc/sprbasic2025/repository/RefreshTokenRepository.java. Using fallback presentation compiler.
2026.01.18 12:33:12 INFO  no build target found for /Users/sw/Documents/workspace/swcenter/src/main/java/com/thc/sprbasic2025/repository/RefreshTokenRepository.java. Using fallback presentation compiler.
2026.01.18 12:33:13 WARN  no build target for: /Users/sw/Documents/workspace/swcenter/src/main/java/com/thc/sprbasic2025/repository/UserRepository.java
2026.01.18 12:33:12 INFO  no build target found for /Users/sw/Documents/workspace/swcenter/src/main/java/com/thc/sprbasic2025/repository/UserRepository.java. Using fallback presentation compiler.
2026.01.18 12:33:13 INFO  no build target found for /Users/sw/Documents/workspace/swcenter/src/main/java/com/thc/sprbasic2025/repository/UserRepository.java. Using fallback presentation compiler.
2026.01.18 12:33:13 INFO  no build target found for /Users/sw/Documents/workspace/swcenter/src/main/java/com/thc/sprbasic2025/repository/UserRepository.java. Using fallback presentation compiler.
2026.01.18 12:33:13 INFO  no build target found for /Users/sw/Documents/workspace/swcenter/src/main/java/com/thc/sprbasic2025/repository/UserRepository.java. Using fallback presentation compiler.
2026.01.18 12:33:13 INFO  no build target found for /Users/sw/Documents/workspace/swcenter/src/main/java/com/thc/sprbasic2025/repository/UserRepository.java. Using fallback presentation compiler.
2026.01.18 12:33:13 WARN  no build target for: /Users/sw/Documents/workspace/swcenter/src/main/java/com/thc/sprbasic2025/security/JwtAuthorizationFilter.java
2026.01.18 12:33:13 INFO  no build target found for /Users/sw/Documents/workspace/swcenter/src/main/java/com/thc/sprbasic2025/security/JwtAuthorizationFilter.java. Using fallback presentation compiler.
2026.01.18 12:33:13 INFO  no build target found for /Users/sw/Documents/workspace/swcenter/src/main/java/com/thc/sprbasic2025/security/JwtAuthorizationFilter.java. Using fallback presentation compiler.
2026.01.18 12:33:14 INFO  no build target found for /Users/sw/Documents/workspace/swcenter/src/main/java/com/thc/sprbasic2025/security/JwtAuthorizationFilter.java. Using fallback presentation compiler.
2026.01.18 12:33:14 INFO  no build target found for /Users/sw/Documents/workspace/swcenter/src/main/java/com/thc/sprbasic2025/security/JwtAuthorizationFilter.java. Using fallback presentation compiler.
2026.01.18 12:33:14 INFO  no build target found for /Users/sw/Documents/workspace/swcenter/src/main/java/com/thc/sprbasic2025/security/JwtAuthorizationFilter.java. Using fallback presentation compiler.
2026.01.18 12:33:22 INFO  no build target found for /Users/sw/Documents/workspace/swcenter/src/main/java/com/thc/sprbasic2025/security/JwtAuthorizationFilter.java. Using fallback presentation compiler.
2026.01.18 12:41:41 INFO  no build target found for /Users/sw/Documents/workspace/swcenter/src/main/java/com/thc/sprbasic2025/security/JwtAuthorizationFilter.java. Using fallback presentation compiler.
2026.01.18 12:41:41 INFO  no build target found for /Users/sw/Documents/workspace/swcenter/src/main/java/com/thc/sprbasic2025/security/JwtAuthorizationFilter.java. Using fallback presentation compiler.
2026.01.18 12:41:41 INFO  no build target found for /Users/sw/Documents/workspace/swcenter/src/main/java/com/thc/sprbasic2025/security/JwtAuthorizationFilter.java. Using fallback presentation compiler.
2026.01.18 12:41:41 INFO  no build target found for /Users/sw/Documents/workspace/swcenter/src/main/java/com/thc/sprbasic2025/security/JwtAuthorizationFilter.java. Using fallback presentation compiler.
2026.01.18 12:46:24 INFO  no build target found for /Users/sw/Documents/workspace/swcenter/src/main/java/com/thc/sprbasic2025/security/JwtAuthorizationFilter.java. Using fallback presentation compiler.
2026.01.18 12:52:27 INFO  running '/Users/sw/Documents/workspace/swcenter/gradlew --stacktrace --console=plain --init-script /var/folders/cl/__9tzszj26g0n4m7c3hfbhy80000gn/T/metals5237834849773524659/init-script.gradle bloopInstall'
2026.01.18 12:52:27 ERROR Running process '/Users/sw/Documents/workspace/swcenter/gradlew --stacktrace --console=plain --init-script /var/folders/cl/__9tzszj26g0n4m7c3hfbhy80000gn/T/metals5237834849773524659/init-script.gradle bloopInstall' failed
java.io.IOException: Cannot run program "/Users/sw/Documents/workspace/swcenter/gradlew" (in directory "/Users/sw/Documents/workspace/swcenter"): error=13, Permission denied
	at java.lang.ProcessBuilder.start(ProcessBuilder.java:1143)
	at java.lang.ProcessBuilder.start(ProcessBuilder.java:1073)
	at scala.meta.internal.process.SystemProcess$.run(SystemProcess.scala:48)
	at scala.meta.internal.builds.ShellRunner.run(ShellRunner.scala:102)
	at scala.meta.internal.builds.BloopInstall.runArgumentsUnconditionally(BloopInstall.scala:74)
	at scala.meta.internal.builds.BloopInstall.$anonfun$run$1(BloopInstall.scala:49)
	at scala.meta.internal.builds.BloopInstallProvider.bloopInstall(BloopInstallProvider.scala:22)
	at scala.meta.internal.builds.BloopInstallProvider.bloopInstall$(BloopInstallProvider.scala:17)
	at scala.meta.internal.builds.GradleBuildTool.bloopInstall(GradleBuildTool.scala:20)
	at scala.meta.internal.builds.BloopInstall.run(BloopInstall.scala:46)
	at scala.meta.internal.metals.ConnectionProvider$Connect$.bloopInstallAndConnect(ConnectionProvider.scala:696)
	at scala.meta.internal.metals.ConnectionProvider$Connect$.$anonfun$pollAndConnect$1(ConnectionProvider.scala:396)
	at scala.meta.internal.metals.ConnectionProvider$Connect$.$anonfun$pollAndConnect$1$adapted(ConnectionProvider.scala:374)
	at scala.Option.foreach(Option.scala:437)
	at scala.meta.internal.metals.ConnectionProvider$Connect$.pollAndConnect(ConnectionProvider.scala:374)
	at scala.meta.internal.metals.ConnectionProvider$Connect$.connect(ConnectionProvider.scala:332)
	at scala.meta.internal.metals.ConnectionProvider.runInstall$1(ConnectionProvider.scala:165)
	at scala.meta.internal.metals.ConnectionProvider.$anonfun$slowConnectToBuildServer$2(ConnectionProvider.scala:168)
	at scala.meta.internal.builds.BloopInstall.$anonfun$runIfApproved$3(BloopInstall.scala:153)
	at scala.concurrent.impl.Promise$Transformation.run(Promise.scala:503)
	at java.util.concurrent.ThreadPoolExecutor.runWorker(ThreadPoolExecutor.java:1136)
	at java.util.concurrent.ThreadPoolExecutor$Worker.run(ThreadPoolExecutor.java:635)
	at java.lang.Thread.run(Thread.java:840)
Caused by: java.io.IOException: error=13, Permission denied
	at java.lang.ProcessImpl.forkAndExec(Native Method)
	at java.lang.ProcessImpl.<init>(ProcessImpl.java:314)
	at java.lang.ProcessImpl.start(ProcessImpl.java:244)
	at java.lang.ProcessBuilder.start(ProcessBuilder.java:1110)
	at java.lang.ProcessBuilder.start(ProcessBuilder.java:1073)
	at scala.meta.internal.process.SystemProcess$.run(SystemProcess.scala:48)
	at scala.meta.internal.builds.ShellRunner.run(ShellRunner.scala:102)
	at scala.meta.internal.builds.BloopInstall.runArgumentsUnconditionally(BloopInstall.scala:74)
	at scala.meta.internal.builds.BloopInstall.$anonfun$run$1(BloopInstall.scala:49)
	at scala.meta.internal.builds.BloopInstallProvider.bloopInstall(BloopInstallProvider.scala:22)
	at scala.meta.internal.builds.BloopInstallProvider.bloopInstall$(BloopInstallProvider.scala:17)
	at scala.meta.internal.builds.GradleBuildTool.bloopInstall(GradleBuildTool.scala:20)
	at scala.meta.internal.builds.BloopInstall.run(BloopInstall.scala:46)
	at scala.meta.internal.metals.ConnectionProvider$Connect$.bloopInstallAndConnect(ConnectionProvider.scala:696)
	at scala.meta.internal.metals.ConnectionProvider$Connect$.$anonfun$pollAndConnect$1(ConnectionProvider.scala:396)
	at scala.meta.internal.metals.ConnectionProvider$Connect$.$anonfun$pollAndConnect$1$adapted(ConnectionProvider.scala:374)
	at scala.Option.foreach(Option.scala:437)
	at scala.meta.internal.metals.ConnectionProvider$Connect$.pollAndConnect(ConnectionProvider.scala:374)
	at scala.meta.internal.metals.ConnectionProvider$Connect$.connect(ConnectionProvider.scala:332)
	at scala.meta.internal.metals.ConnectionProvider.runInstall$1(ConnectionProvider.scala:165)
	at scala.meta.internal.metals.ConnectionProvider.$anonfun$slowConnectToBuildServer$2(ConnectionProvider.scala:168)
	at scala.meta.internal.builds.BloopInstall.$anonfun$runIfApproved$3(BloopInstall.scala:153)
	at scala.concurrent.impl.Promise$Transformation.run(Promise.scala:503)
	at java.util.concurrent.ThreadPoolExecutor.runWorker(ThreadPoolExecutor.java:1136)
	at java.util.concurrent.ThreadPoolExecutor$Worker.run(ThreadPoolExecutor.java:635)
	at java.lang.Thread.run(Thread.java:840)

2026.01.18 12:52:27 INFO  time: ran 'gradle bloopInstall' in 8ms
2026.01.18 12:52:27 ERROR Gradle command failed: /Users/sw/Documents/workspace/swcenter/gradlew --stacktrace --console=plain --init-script /var/folders/cl/__9tzszj26g0n4m7c3hfbhy80000gn/T/metals5237834849773524659/init-script.gradle bloopInstall
2026.01.18 17:40:41 WARN  no build target for: /Users/sw/Documents/workspace/swcenter/src/main/java/com/thc/sprbasic2025/config/SecurityConfig.java
2026.01.18 17:40:41 INFO  no build target found for /Users/sw/Documents/workspace/swcenter/src/main/java/com/thc/sprbasic2025/config/SecurityConfig.java. Using fallback presentation compiler.
2026.01.18 17:40:42 INFO  no build target found for /Users/sw/Documents/workspace/swcenter/src/main/java/com/thc/sprbasic2025/config/SecurityConfig.java. Using fallback presentation compiler.
2026.01.18 17:40:43 INFO  time: code lens generation in 1.54s
2026.01.18 17:40:44 INFO  no build target found for /Users/sw/Documents/workspace/swcenter/src/main/java/com/thc/sprbasic2025/config/SecurityConfig.java. Using fallback presentation compiler.
2026.01.18 17:40:45 INFO  no build target found for /Users/sw/Documents/workspace/swcenter/src/main/java/com/thc/sprbasic2025/config/SecurityConfig.java. Using fallback presentation compiler.
2026.01.18 17:40:49 INFO  no build target found for /Users/sw/Documents/workspace/swcenter/src/main/java/com/thc/sprbasic2025/config/SecurityConfig.java. Using fallback presentation compiler.
2026.01.18 17:40:49 WARN  no build target for: /Users/sw/Documents/workspace/swcenter/src/main/java/com/thc/sprbasic2025/controller/page/NewsController.java
2026.01.18 17:40:49 INFO  no build target found for /Users/sw/Documents/workspace/swcenter/src/main/java/com/thc/sprbasic2025/controller/page/NewsController.java. Using fallback presentation compiler.
2026.01.18 17:40:50 INFO  no build target found for /Users/sw/Documents/workspace/swcenter/src/main/java/com/thc/sprbasic2025/controller/page/NewsController.java. Using fallback presentation compiler.
2026.01.18 17:40:49 INFO  no build target found for /Users/sw/Documents/workspace/swcenter/src/main/java/com/thc/sprbasic2025/controller/page/NewsController.java. Using fallback presentation compiler.
2026.01.18 17:40:51 WARN  no build target for: /Users/sw/Documents/workspace/swcenter/src/main/java/com/thc/sprbasic2025/controller/page/IntroductionController.java
2026.01.18 17:40:51 INFO  no build target found for /Users/sw/Documents/workspace/swcenter/src/main/java/com/thc/sprbasic2025/controller/page/IntroductionController.java. Using fallback presentation compiler.
2026.01.18 17:40:51 INFO  no build target found for /Users/sw/Documents/workspace/swcenter/src/main/java/com/thc/sprbasic2025/controller/page/IntroductionController.java. Using fallback presentation compiler.
2026.01.18 17:40:51 INFO  no build target found for /Users/sw/Documents/workspace/swcenter/src/main/java/com/thc/sprbasic2025/controller/page/IntroductionController.java. Using fallback presentation compiler.
2026.01.18 17:40:51 INFO  no build target found for /Users/sw/Documents/workspace/swcenter/src/main/java/com/thc/sprbasic2025/controller/page/IntroductionController.java. Using fallback presentation compiler.
2026.01.18 17:40:52 WARN  no build target for: /Users/sw/Documents/workspace/swcenter/src/main/java/com/thc/sprbasic2025/controller/page/NewsController.java
2026.01.18 17:40:52 INFO  no build target found for /Users/sw/Documents/workspace/swcenter/src/main/java/com/thc/sprbasic2025/controller/page/NewsController.java. Using fallback presentation compiler.
2026.01.18 17:40:51 INFO  no build target found for /Users/sw/Documents/workspace/swcenter/src/main/java/com/thc/sprbasic2025/controller/page/NewsController.java. Using fallback presentation compiler.
2026.01.18 17:40:52 INFO  no build target found for /Users/sw/Documents/workspace/swcenter/src/main/java/com/thc/sprbasic2025/controller/page/NewsController.java. Using fallback presentation compiler.
2026.01.18 17:40:53 INFO  time: code lens generation in 1.92s
2026.01.18 17:40:53 INFO  time: code lens generation in 1.53s
2026.01.18 17:40:53 INFO  no build target found for /Users/sw/Documents/workspace/swcenter/src/main/java/com/thc/sprbasic2025/controller/page/NewsController.java. Using fallback presentation compiler.
2026.01.18 17:40:54 WARN  no build target for: /Users/sw/Documents/workspace/swcenter/src/main/java/com/thc/sprbasic2025/controller/page/ValueSpreadController.java
2026.01.18 17:40:53 INFO  no build target found for /Users/sw/Documents/workspace/swcenter/src/main/java/com/thc/sprbasic2025/controller/page/ValueSpreadController.java. Using fallback presentation compiler.
2026.01.18 17:40:54 INFO  no build target found for /Users/sw/Documents/workspace/swcenter/src/main/java/com/thc/sprbasic2025/controller/page/ValueSpreadController.java. Using fallback presentation compiler.
2026.01.18 17:40:54 INFO  no build target found for /Users/sw/Documents/workspace/swcenter/src/main/java/com/thc/sprbasic2025/controller/page/ValueSpreadController.java. Using fallback presentation compiler.
2026.01.18 17:40:57 WARN  no build target for: /Users/sw/Documents/workspace/swcenter/src/main/java/com/thc/sprbasic2025/security/ExternalProperties.java
2026.01.18 17:40:57 INFO  no build target found for /Users/sw/Documents/workspace/swcenter/src/main/java/com/thc/sprbasic2025/security/ExternalProperties.java. Using fallback presentation compiler.
2026.01.18 17:40:57 INFO  no build target found for /Users/sw/Documents/workspace/swcenter/src/main/java/com/thc/sprbasic2025/security/ExternalProperties.java. Using fallback presentation compiler.
2026.01.18 17:40:57 INFO  no build target found for /Users/sw/Documents/workspace/swcenter/src/main/java/com/thc/sprbasic2025/security/ExternalProperties.java. Using fallback presentation compiler.
2026.01.18 17:40:57 INFO  no build target found for /Users/sw/Documents/workspace/swcenter/src/main/java/com/thc/sprbasic2025/security/ExternalProperties.java. Using fallback presentation compiler.
2026.01.18 17:41:04 INFO  no build target found for /Users/sw/Documents/workspace/swcenter/src/main/java/com/thc/sprbasic2025/controller/page/ValueSpreadController.java. Using fallback presentation compiler.
2026.01.19 06:29:05 INFO  Shutting down server
2026.01.19 06:29:05 INFO  shutting down Metals
2026.01.19 06:29:05 INFO  Exiting server
2026.02.27 10:10:09 INFO  Started: Metals version 1.6.5 in folders '/Users/sw/Documents/workspace/swcenter' for client Visual Studio Code 1.109.5.
2026.02.27 10:10:09 INFO  Memory monitor started
2026.02.27 10:10:11 WARN  Using H2 2.4.240 which is newer than the version Flyway has been verified with. The latest verified version of H2 is 2.3.232.
2026.02.27 10:10:11 INFO  no build target found for /Users/sw/Documents/workspace/swcenter/src/main/java/com/thc/sprbasic2025/repository/UserRepository.java. Using fallback presentation compiler.
2026.02.27 10:10:12 INFO  no build target found for /Users/sw/Documents/workspace/swcenter/src/main/java/com/thc/sprbasic2025/repository/UserRepository.java. Using fallback presentation compiler.
2026.02.27 10:10:17 WARN  no build target for: /Users/sw/Documents/workspace/swcenter/src/main/java/com/thc/sprbasic2025/repository/UserRepository.java
2026.02.27 10:10:17 INFO  no build target found for /Users/sw/Documents/workspace/swcenter/src/main/java/com/thc/sprbasic2025/repository/UserRepository.java. Using fallback presentation compiler.
2026.02.27 10:11:04 INFO  no build target found for /Users/sw/Documents/workspace/swcenter/src/main/java/com/thc/sprbasic2025/repository/UserRepository.java. Using fallback presentation compiler.
2026.02.27 10:11:04 WARN  no build target for: /Users/sw/Documents/workspace/swcenter/src/main/java/com/thc/sprbasic2025/SprApplication.java
2026.02.27 10:11:04 INFO  no build target found for /Users/sw/Documents/workspace/swcenter/src/main/java/com/thc/sprbasic2025/SprApplication.java. Using fallback presentation compiler.
2026.02.27 10:11:04 INFO  no build target found for /Users/sw/Documents/workspace/swcenter/src/main/java/com/thc/sprbasic2025/SprApplication.java. Using fallback presentation compiler.
2026.02.27 10:11:04 INFO  no build target found for /Users/sw/Documents/workspace/swcenter/src/main/java/com/thc/sprbasic2025/SprApplication.java. Using fallback presentation compiler.
2026.02.27 10:11:13 INFO  no build target found for /Users/sw/Documents/workspace/swcenter/src/main/java/com/thc/sprbasic2025/SprApplication.java. Using fallback presentation compiler.
2026.02.27 10:11:18 INFO  no build target found for /Users/sw/Documents/workspace/swcenter/src/main/java/com/thc/sprbasic2025/SprApplication.java. Using fallback presentation compiler.
2026.02.27 10:11:29 INFO  no build target found for /Users/sw/Documents/workspace/swcenter/src/main/java/com/thc/sprbasic2025/SprApplication.java. Using fallback presentation compiler.
2026.02.27 10:11:29 INFO  no build target found for /Users/sw/Documents/workspace/swcenter/src/main/java/com/thc/sprbasic2025/SprApplication.java. Using fallback presentation compiler.
2026.02.27 10:11:29 INFO  no build target found for /Users/sw/Documents/workspace/swcenter/src/main/java/com/thc/sprbasic2025/SprApplication.java. Using fallback presentation compiler.
2026.02.27 10:11:33 INFO  no build target found for /Users/sw/Documents/workspace/swcenter/src/main/java/com/thc/sprbasic2025/SprApplication.java. Using fallback presentation compiler.
2026.02.27 10:12:58 INFO  no build target found for /Users/sw/Documents/workspace/swcenter/src/main/java/com/thc/sprbasic2025/SprApplication.java. Using fallback presentation compiler.
2026.02.27 10:12:58 WARN  no build target for: /Users/sw/Documents/workspace/swcenter/src/main/java/com/thc/sprbasic2025/util/HttpClientSender.java
2026.02.27 10:12:58 INFO  no build target found for /Users/sw/Documents/workspace/swcenter/src/main/java/com/thc/sprbasic2025/util/HttpClientSender.java. Using fallback presentation compiler.
2026.02.27 10:12:58 INFO  no build target found for /Users/sw/Documents/workspace/swcenter/src/main/java/com/thc/sprbasic2025/util/HttpClientSender.java. Using fallback presentation compiler.
2026.02.27 10:12:58 INFO  no build target found for /Users/sw/Documents/workspace/swcenter/src/main/java/com/thc/sprbasic2025/util/HttpClientSender.java. Using fallback presentation compiler.
2026.02.27 10:12:59 WARN  no build target for: /Users/sw/Documents/workspace/swcenter/src/main/java/com/thc/sprbasic2025/util/GithubCommitsByToken.java
2026.02.27 10:12:59 INFO  no build target found for /Users/sw/Documents/workspace/swcenter/src/main/java/com/thc/sprbasic2025/util/GithubCommitsByToken.java. Using fallback presentation compiler.
2026.02.27 10:12:59 INFO  no build target found for /Users/sw/Documents/workspace/swcenter/src/main/java/com/thc/sprbasic2025/util/GithubCommitsByToken.java. Using fallback presentation compiler.
2026.02.27 10:12:59 INFO  no build target found for /Users/sw/Documents/workspace/swcenter/src/main/java/com/thc/sprbasic2025/util/GithubCommitsByToken.java. Using fallback presentation compiler.
2026.02.27 10:13:01 INFO  no build target found for /Users/sw/Documents/workspace/swcenter/src/main/java/com/thc/sprbasic2025/util/GithubCommitsByToken.java. Using fallback presentation compiler.
2026.02.27 10:13:05 INFO  no build target found for /Users/sw/Documents/workspace/swcenter/src/main/java/com/thc/sprbasic2025/util/GithubCommitsByToken.java. Using fallback presentation compiler.
2026.02.27 10:13:07 WARN  no build target for: /Users/sw/Documents/workspace/swcenter/src/main/java/com/thc/sprbasic2025/util/HttpClientSender.java
2026.02.27 10:13:07 INFO  no build target found for /Users/sw/Documents/workspace/swcenter/src/main/java/com/thc/sprbasic2025/util/HttpClientSender.java. Using fallback presentation compiler.
2026.02.27 10:13:07 INFO  no build target found for /Users/sw/Documents/workspace/swcenter/src/main/java/com/thc/sprbasic2025/util/HttpClientSender.java. Using fallback presentation compiler.
2026.02.27 10:13:07 INFO  no build target found for /Users/sw/Documents/workspace/swcenter/src/main/java/com/thc/sprbasic2025/util/HttpClientSender.java. Using fallback presentation compiler.
2026.02.27 10:13:07 INFO  no build target found for /Users/sw/Documents/workspace/swcenter/src/main/java/com/thc/sprbasic2025/util/HttpClientSender.java. Using fallback presentation compiler.
2026.02.27 10:13:12 INFO  no build target found for /Users/sw/Documents/workspace/swcenter/src/main/java/com/thc/sprbasic2025/util/HttpClientSender.java. Using fallback presentation compiler.
2026.02.27 10:13:12 WARN  no build target for: /Users/sw/Documents/workspace/swcenter/src/main/java/com/thc/sprbasic2025/repository/UserRepository.java
2026.02.27 10:13:12 INFO  no build target found for /Users/sw/Documents/workspace/swcenter/src/main/java/com/thc/sprbasic2025/repository/UserRepository.java. Using fallback presentation compiler.
2026.02.27 10:13:12 INFO  no build target found for /Users/sw/Documents/workspace/swcenter/src/main/java/com/thc/sprbasic2025/repository/UserRepository.java. Using fallback presentation compiler.
2026.02.27 10:13:13 INFO  no build target found for /Users/sw/Documents/workspace/swcenter/src/main/java/com/thc/sprbasic2025/repository/UserRepository.java. Using fallback presentation compiler.
2026.02.27 10:13:14 WARN  no build target for: /Users/sw/Documents/workspace/swcenter/src/main/java/com/thc/sprbasic2025/security/ExternalProperties.java
2026.02.27 10:13:14 INFO  no build target found for /Users/sw/Documents/workspace/swcenter/src/main/java/com/thc/sprbasic2025/security/ExternalProperties.java. Using fallback presentation compiler.
2026.02.27 10:13:14 INFO  no build target found for /Users/sw/Documents/workspace/swcenter/src/main/java/com/thc/sprbasic2025/security/ExternalProperties.java. Using fallback presentation compiler.
2026.02.27 10:13:14 INFO  no build target found for /Users/sw/Documents/workspace/swcenter/src/main/java/com/thc/sprbasic2025/security/ExternalProperties.java. Using fallback presentation compiler.
2026.02.27 10:13:16 INFO  no build target found for /Users/sw/Documents/workspace/swcenter/src/main/java/com/thc/sprbasic2025/repository/UserRepository.java. Using fallback presentation compiler.
2026.02.27 10:13:16 WARN  no build target for: /Users/sw/Documents/workspace/swcenter/src/main/java/com/thc/sprbasic2025/security/JwtAuthorizationFilter.java
2026.02.27 10:13:16 INFO  no build target found for /Users/sw/Documents/workspace/swcenter/src/main/java/com/thc/sprbasic2025/security/JwtAuthorizationFilter.java. Using fallback presentation compiler.
2026.02.27 10:13:16 INFO  no build target found for /Users/sw/Documents/workspace/swcenter/src/main/java/com/thc/sprbasic2025/security/JwtAuthorizationFilter.java. Using fallback presentation compiler.
2026.02.27 10:13:16 INFO  no build target found for /Users/sw/Documents/workspace/swcenter/src/main/java/com/thc/sprbasic2025/security/JwtAuthorizationFilter.java. Using fallback presentation compiler.
2026.02.27 10:13:17 INFO  no build target found for /Users/sw/Documents/workspace/swcenter/src/main/java/com/thc/sprbasic2025/security/JwtAuthorizationFilter.java. Using fallback presentation compiler.
2026.02.27 10:13:16 INFO  no build target found for /Users/sw/Documents/workspace/swcenter/src/main/java/com/thc/sprbasic2025/security/JwtAuthorizationFilter.java. Using fallback presentation compiler.
2026.02.27 10:13:25 INFO  no build target found for /Users/sw/Documents/workspace/swcenter/src/main/java/com/thc/sprbasic2025/security/JwtAuthorizationFilter.java. Using fallback presentation compiler.
2026.02.27 10:13:25 INFO  no build target found for /Users/sw/Documents/workspace/swcenter/src/main/java/com/thc/sprbasic2025/service/impl/PopupServiceimpl.java. Using fallback presentation compiler.
2026.02.27 10:13:25 WARN  no build target for: /Users/sw/Documents/workspace/swcenter/src/main/java/com/thc/sprbasic2025/service/impl/PopupServiceimpl.java
2026.02.27 10:13:25 INFO  no build target found for /Users/sw/Documents/workspace/swcenter/src/main/java/com/thc/sprbasic2025/service/impl/PopupServiceimpl.java. Using fallback presentation compiler.
2026.02.27 10:13:25 INFO  no build target found for /Users/sw/Documents/workspace/swcenter/src/main/java/com/thc/sprbasic2025/service/impl/PopupServiceimpl.java. Using fallback presentation compiler.
2026.02.27 10:13:26 WARN  no build target for: /Users/sw/Documents/workspace/swcenter/src/main/java/com/thc/sprbasic2025/service/impl/PermittedServiceimpl.java
2026.02.27 10:13:25 INFO  no build target found for /Users/sw/Documents/workspace/swcenter/src/main/java/com/thc/sprbasic2025/service/impl/PermittedServiceimpl.java. Using fallback presentation compiler.
2026.02.27 10:13:26 INFO  no build target found for /Users/sw/Documents/workspace/swcenter/src/main/java/com/thc/sprbasic2025/service/impl/PermittedServiceimpl.java. Using fallback presentation compiler.
2026.02.27 10:13:27 INFO  no build target found for /Users/sw/Documents/workspace/swcenter/src/main/java/com/thc/sprbasic2025/service/impl/PermittedServiceimpl.java. Using fallback presentation compiler.
2026.02.27 10:13:27 INFO  no build target found for /Users/sw/Documents/workspace/swcenter/src/main/java/com/thc/sprbasic2025/service/impl/PermittedServiceimpl.java. Using fallback presentation compiler.
2026.02.27 10:13:29 INFO  no build target found for /Users/sw/Documents/workspace/swcenter/src/main/java/com/thc/sprbasic2025/service/impl/PermittedServiceimpl.java. Using fallback presentation compiler.
2026.02.27 10:13:29 WARN  no build target for: /Users/sw/Documents/workspace/swcenter/src/main/java/com/thc/sprbasic2025/service/impl/PermissionServiceimpl.java
2026.02.27 10:13:29 INFO  no build target found for /Users/sw/Documents/workspace/swcenter/src/main/java/com/thc/sprbasic2025/service/impl/PermissionServiceimpl.java. Using fallback presentation compiler.
2026.02.27 10:13:29 INFO  no build target found for /Users/sw/Documents/workspace/swcenter/src/main/java/com/thc/sprbasic2025/service/impl/PermissionServiceimpl.java. Using fallback presentation compiler.
2026.02.27 10:13:30 INFO  no build target found for /Users/sw/Documents/workspace/swcenter/src/main/java/com/thc/sprbasic2025/service/impl/PermissionServiceimpl.java. Using fallback presentation compiler.
2026.02.27 10:13:29 INFO  no build target found for /Users/sw/Documents/workspace/swcenter/src/main/java/com/thc/sprbasic2025/service/impl/PermissionServiceimpl.java. Using fallback presentation compiler.
2026.02.27 10:13:31 INFO  no build target found for /Users/sw/Documents/workspace/swcenter/src/main/java/com/thc/sprbasic2025/service/impl/PermissionServiceimpl.java. Using fallback presentation compiler.
2026.02.27 10:13:31 WARN  no build target for: /Users/sw/Documents/workspace/swcenter/src/main/java/com/thc/sprbasic2025/service/impl/PermittedServiceimpl.java
2026.02.27 10:13:31 INFO  no build target found for /Users/sw/Documents/workspace/swcenter/src/main/java/com/thc/sprbasic2025/service/impl/PermittedServiceimpl.java. Using fallback presentation compiler.
2026.02.27 10:13:32 INFO  no build target found for /Users/sw/Documents/workspace/swcenter/src/main/java/com/thc/sprbasic2025/service/impl/PermittedServiceimpl.java. Using fallback presentation compiler.
2026.02.27 10:13:32 INFO  no build target found for /Users/sw/Documents/workspace/swcenter/src/main/java/com/thc/sprbasic2025/service/impl/PermittedServiceimpl.java. Using fallback presentation compiler.
2026.02.27 10:13:31 INFO  no build target found for /Users/sw/Documents/workspace/swcenter/src/main/java/com/thc/sprbasic2025/service/impl/PermittedServiceimpl.java. Using fallback presentation compiler.
2026.02.27 10:13:31 INFO  no build target found for /Users/sw/Documents/workspace/swcenter/src/main/java/com/thc/sprbasic2025/service/impl/UserServiceimpl.java. Using fallback presentation compiler.
2026.02.27 10:13:32 WARN  no build target for: /Users/sw/Documents/workspace/swcenter/src/main/java/com/thc/sprbasic2025/service/impl/UserServiceimpl.java
2026.02.27 10:13:32 INFO  no build target found for /Users/sw/Documents/workspace/swcenter/src/main/java/com/thc/sprbasic2025/service/impl/UserServiceimpl.java. Using fallback presentation compiler.
2026.02.27 10:13:33 INFO  no build target found for /Users/sw/Documents/workspace/swcenter/src/main/java/com/thc/sprbasic2025/service/impl/UserServiceimpl.java. Using fallback presentation compiler.
2026.02.27 10:13:33 INFO  no build target found for /Users/sw/Documents/workspace/swcenter/src/main/java/com/thc/sprbasic2025/service/impl/UserServiceimpl.java. Using fallback presentation compiler.
2026.02.27 10:13:38 INFO  no build target found for /Users/sw/Documents/workspace/swcenter/src/main/java/com/thc/sprbasic2025/service/impl/UserServiceimpl.java. Using fallback presentation compiler.
2026.02.27 10:13:38 WARN  no build target for: /Users/sw/Documents/workspace/swcenter/src/main/java/com/thc/sprbasic2025/repository/BoardRepository.java
2026.02.27 10:13:38 INFO  no build target found for /Users/sw/Documents/workspace/swcenter/src/main/java/com/thc/sprbasic2025/repository/BoardRepository.java. Using fallback presentation compiler.
2026.02.27 10:13:38 INFO  no build target found for /Users/sw/Documents/workspace/swcenter/src/main/java/com/thc/sprbasic2025/repository/BoardRepository.java. Using fallback presentation compiler.
2026.02.27 10:13:38 INFO  no build target found for /Users/sw/Documents/workspace/swcenter/src/main/java/com/thc/sprbasic2025/repository/BoardRepository.java. Using fallback presentation compiler.
2026.02.27 10:13:48 INFO  no build target found for /Users/sw/Documents/workspace/swcenter/src/main/java/com/thc/sprbasic2025/repository/BoardRepository.java. Using fallback presentation compiler.
2026.02.27 11:38:51 WARN  no build target for: /Users/sw/Documents/workspace/swcenter/src/main/java/com/thc/sprbasic2025/security/ExternalProperties.java
2026.02.27 11:38:51 INFO  no build target found for /Users/sw/Documents/workspace/swcenter/src/main/java/com/thc/sprbasic2025/security/ExternalProperties.java. Using fallback presentation compiler.
2026.02.27 11:38:51 INFO  no build target found for /Users/sw/Documents/workspace/swcenter/src/main/java/com/thc/sprbasic2025/security/ExternalProperties.java. Using fallback presentation compiler.
2026.02.27 11:38:52 INFO  no build target found for /Users/sw/Documents/workspace/swcenter/src/main/java/com/thc/sprbasic2025/security/ExternalProperties.java. Using fallback presentation compiler.
2026.02.27 11:42:52 WARN  no build target for: /Users/sw/Documents/workspace/swcenter/src/main/java/com/thc/sprbasic2025/util/GithubCommitsByToken.java
2026.02.27 11:42:52 INFO  no build target found for /Users/sw/Documents/workspace/swcenter/src/main/java/com/thc/sprbasic2025/util/GithubCommitsByToken.java. Using fallback presentation compiler.
2026.02.27 11:42:52 INFO  no build target found for /Users/sw/Documents/workspace/swcenter/src/main/java/com/thc/sprbasic2025/util/GithubCommitsByToken.java. Using fallback presentation compiler.
2026.02.27 11:42:53 INFO  no build target found for /Users/sw/Documents/workspace/swcenter/src/main/java/com/thc/sprbasic2025/util/GithubCommitsByToken.java. Using fallback presentation compiler.
2026.02.27 11:42:52 INFO  no build target found for /Users/sw/Documents/workspace/swcenter/src/main/java/com/thc/sprbasic2025/util/GithubCommitsByToken.java. Using fallback presentation compiler.
2026.02.27 11:54:45 INFO  no build target found for /Users/sw/Documents/workspace/swcenter/src/main/java/com/thc/sprbasic2025/util/GithubCommitsByToken.java. Using fallback presentation compiler.
2026.02.27 11:54:45 WARN  no build target for: /Users/sw/Documents/workspace/swcenter/src/main/java/com/thc/sprbasic2025/util/GithubCommitsByToken.java
2026.02.27 11:54:45 INFO  no build target found for /Users/sw/Documents/workspace/swcenter/src/main/java/com/thc/sprbasic2025/util/GithubCommitsByToken.java. Using fallback presentation compiler.
2026.02.27 11:54:45 INFO  no build target found for /Users/sw/Documents/workspace/swcenter/src/main/java/com/thc/sprbasic2025/util/GithubCommitsByToken.java. Using fallback presentation compiler.
2026.02.27 14:21:00 INFO  no build target found for /Users/sw/Documents/workspace/swcenter/src/main/java/com/thc/sprbasic2025/repository/NoticeCommentRepository.java. Using fallback presentation compiler.
2026.02.27 14:21:00 WARN  no build target for: /Users/sw/Documents/workspace/swcenter/src/main/java/com/thc/sprbasic2025/repository/NoticeCommentRepository.java
2026.02.27 14:21:00 INFO  no build target found for /Users/sw/Documents/workspace/swcenter/src/main/java/com/thc/sprbasic2025/repository/NoticeCommentRepository.java. Using fallback presentation compiler.
2026.02.27 14:21:00 INFO  no build target found for /Users/sw/Documents/workspace/swcenter/src/main/java/com/thc/sprbasic2025/repository/NoticeCommentRepository.java. Using fallback presentation compiler.
2026.02.27 14:21:02 INFO  no build target found for /Users/sw/Documents/workspace/swcenter/src/main/java/com/thc/sprbasic2025/repository/NoticeCommentRepository.java. Using fallback presentation compiler.
2026.02.27 14:21:11 INFO  no build target found for /Users/sw/Documents/workspace/swcenter/src/main/java/com/thc/sprbasic2025/repository/NoticeCommentRepository.java. Using fallback presentation compiler.
2026.02.27 14:21:32 WARN  no build target for: /Users/sw/Documents/workspace/swcenter/src/main/java/com/thc/sprbasic2025/repository/NoticeCommentRepository.java
2026.02.27 14:21:32 INFO  no build target found for /Users/sw/Documents/workspace/swcenter/src/main/java/com/thc/sprbasic2025/repository/NoticeCommentRepository.java. Using fallback presentation compiler.
2026.02.27 14:21:32 INFO  no build target found for /Users/sw/Documents/workspace/swcenter/src/main/java/com/thc/sprbasic2025/repository/NoticeCommentRepository.java. Using fallback presentation compiler.
2026.02.27 14:21:32 INFO  no build target found for /Users/sw/Documents/workspace/swcenter/src/main/java/com/thc/sprbasic2025/repository/NoticeCommentRepository.java. Using fallback presentation compiler.
2026.02.27 14:21:44 INFO  no build target found for /Users/sw/Documents/workspace/swcenter/src/main/java/com/thc/sprbasic2025/repository/NoticeCommentRepository.java. Using fallback presentation compiler.
2026.02.28 21:53:52 INFO  no build target found for /Users/sw/Documents/workspace/swcenter/src/main/java/com/thc/sprbasic2025/service/impl/UserServiceimpl.java. Using fallback presentation compiler.
2026.02.28 21:53:52 WARN  no build target for: /Users/sw/Documents/workspace/swcenter/src/main/java/com/thc/sprbasic2025/service/impl/UserServiceimpl.java
2026.02.28 21:53:52 INFO  no build target found for /Users/sw/Documents/workspace/swcenter/src/main/java/com/thc/sprbasic2025/service/impl/UserServiceimpl.java. Using fallback presentation compiler.
2026.02.28 21:53:52 INFO  no build target found for /Users/sw/Documents/workspace/swcenter/src/main/java/com/thc/sprbasic2025/service/impl/UserServiceimpl.java. Using fallback presentation compiler.
2026.02.28 21:53:53 INFO  no build target found for /Users/sw/Documents/workspace/swcenter/src/main/java/com/thc/sprbasic2025/service/impl/UserServiceimpl.java. Using fallback presentation compiler.
2026.02.28 21:55:19 INFO  no build target found for /Users/sw/Documents/workspace/swcenter/src/main/java/com/thc/sprbasic2025/service/impl/UserServiceimpl.java. Using fallback presentation compiler.
2026.02.28 21:55:50 WARN  no build target for: /Users/sw/Documents/workspace/swcenter/src/main/java/com/thc/sprbasic2025/service/impl/PermissionuserServiceimpl.java
2026.02.28 21:55:50 INFO  no build target found for /Users/sw/Documents/workspace/swcenter/src/main/java/com/thc/sprbasic2025/service/impl/PermissionuserServiceimpl.java. Using fallback presentation compiler.
2026.02.28 21:55:50 INFO  no build target found for /Users/sw/Documents/workspace/swcenter/src/main/java/com/thc/sprbasic2025/service/impl/PermissionuserServiceimpl.java. Using fallback presentation compiler.
2026.02.28 21:55:50 INFO  no build target found for /Users/sw/Documents/workspace/swcenter/src/main/java/com/thc/sprbasic2025/service/impl/PermissionuserServiceimpl.java. Using fallback presentation compiler.
2026.02.28 21:55:50 WARN  no build target for: /Users/sw/Documents/workspace/swcenter/src/main/java/com/thc/sprbasic2025/service/impl/PermissionServiceimpl.java
2026.02.28 21:55:50 INFO  no build target found for /Users/sw/Documents/workspace/swcenter/src/main/java/com/thc/sprbasic2025/service/impl/PermissionServiceimpl.java. Using fallback presentation compiler.
2026.02.28 21:55:51 INFO  no build target found for /Users/sw/Documents/workspace/swcenter/src/main/java/com/thc/sprbasic2025/service/impl/PermissionServiceimpl.java. Using fallback presentation compiler.
2026.02.28 21:55:52 INFO  no build target found for /Users/sw/Documents/workspace/swcenter/src/main/java/com/thc/sprbasic2025/service/impl/PermissionServiceimpl.java. Using fallback presentation compiler.
2026.02.28 21:55:52 INFO  no build target found for /Users/sw/Documents/workspace/swcenter/src/main/java/com/thc/sprbasic2025/service/impl/PermissionServiceimpl.java. Using fallback presentation compiler.
2026.02.28 21:55:54 INFO  no build target found for /Users/sw/Documents/workspace/swcenter/src/main/java/com/thc/sprbasic2025/service/impl/PermissionServiceimpl.java. Using fallback presentation compiler.
2026.02.28 21:55:54 WARN  no build target for: /Users/sw/Documents/workspace/swcenter/src/main/java/com/thc/sprbasic2025/service/impl/PermittedServiceimpl.java
2026.02.28 21:55:54 INFO  no build target found for /Users/sw/Documents/workspace/swcenter/src/main/java/com/thc/sprbasic2025/service/impl/PermittedServiceimpl.java. Using fallback presentation compiler.
2026.02.28 21:55:54 INFO  no build target found for /Users/sw/Documents/workspace/swcenter/src/main/java/com/thc/sprbasic2025/service/impl/PermittedServiceimpl.java. Using fallback presentation compiler.
2026.02.28 21:55:54 INFO  no build target found for /Users/sw/Documents/workspace/swcenter/src/main/java/com/thc/sprbasic2025/service/impl/PermittedServiceimpl.java. Using fallback presentation compiler.
2026.02.28 21:55:54 INFO  no build target found for /Users/sw/Documents/workspace/swcenter/src/main/java/com/thc/sprbasic2025/service/impl/PermittedServiceimpl.java. Using fallback presentation compiler.
2026.02.28 21:55:54 INFO  no build target found for /Users/sw/Documents/workspace/swcenter/src/main/java/com/thc/sprbasic2025/service/impl/PermittedServiceimpl.java. Using fallback presentation compiler.
2026.02.28 21:55:56 INFO  no build target found for /Users/sw/Documents/workspace/swcenter/src/main/java/com/thc/sprbasic2025/service/impl/PermittedServiceimpl.java. Using fallback presentation compiler.
2026.02.28 21:55:56 WARN  no build target for: /Users/sw/Documents/workspace/swcenter/src/main/java/com/thc/sprbasic2025/service/impl/UserServiceimpl.java
2026.02.28 21:55:56 INFO  no build target found for /Users/sw/Documents/workspace/swcenter/src/main/java/com/thc/sprbasic2025/service/impl/UserServiceimpl.java. Using fallback presentation compiler.
2026.02.28 21:55:56 INFO  no build target found for /Users/sw/Documents/workspace/swcenter/src/main/java/com/thc/sprbasic2025/service/impl/UserServiceimpl.java. Using fallback presentation compiler.
2026.02.28 21:55:57 INFO  no build target found for /Users/sw/Documents/workspace/swcenter/src/main/java/com/thc/sprbasic2025/service/impl/UserServiceimpl.java. Using fallback presentation compiler.
2026.02.28 21:55:58 INFO  no build target found for /Users/sw/Documents/workspace/swcenter/src/main/java/com/thc/sprbasic2025/service/impl/UserServiceimpl.java. Using fallback presentation compiler.
2026.02.28 21:56:00 INFO  no build target found for /Users/sw/Documents/workspace/swcenter/src/main/java/com/thc/sprbasic2025/service/impl/UserServiceimpl.java. Using fallback presentation compiler.
2026.02.28 21:56:08 INFO  no build target found for /Users/sw/Documents/workspace/swcenter/src/main/java/com/thc/sprbasic2025/service/impl/UserServiceimpl.java. Using fallback presentation compiler.
2026.02.28 21:56:08 WARN  no build target for: /Users/sw/Documents/workspace/swcenter/src/main/java/com/thc/sprbasic2025/service/impl/PermissionServiceimpl.java
2026.02.28 21:56:08 INFO  no build target found for /Users/sw/Documents/workspace/swcenter/src/main/java/com/thc/sprbasic2025/service/impl/PermissionServiceimpl.java. Using fallback presentation compiler.
2026.02.28 21:56:08 INFO  no build target found for /Users/sw/Documents/workspace/swcenter/src/main/java/com/thc/sprbasic2025/service/impl/PermissionServiceimpl.java. Using fallback presentation compiler.
2026.02.28 21:56:08 INFO  no build target found for /Users/sw/Documents/workspace/swcenter/src/main/java/com/thc/sprbasic2025/service/impl/PermissionServiceimpl.java. Using fallback presentation compiler.
2026.02.28 21:56:08 INFO  no build target found for /Users/sw/Documents/workspace/swcenter/src/main/java/com/thc/sprbasic2025/service/impl/PermissionServiceimpl.java. Using fallback presentation compiler.
2026.02.28 21:56:11 INFO  no build target found for /Users/sw/Documents/workspace/swcenter/src/main/java/com/thc/sprbasic2025/service/impl/PermissionServiceimpl.java. Using fallback presentation compiler.
2026.02.28 21:56:11 WARN  no build target for: /Users/sw/Documents/workspace/swcenter/src/main/java/com/thc/sprbasic2025/service/impl/NewsletterServiceimpl.java
2026.02.28 21:56:11 INFO  no build target found for /Users/sw/Documents/workspace/swcenter/src/main/java/com/thc/sprbasic2025/service/impl/NewsletterServiceimpl.java. Using fallback presentation compiler.
2026.02.28 21:56:11 INFO  no build target found for /Users/sw/Documents/workspace/swcenter/src/main/java/com/thc/sprbasic2025/service/impl/NewsletterServiceimpl.java. Using fallback presentation compiler.
2026.02.28 21:56:12 INFO  no build target found for /Users/sw/Documents/workspace/swcenter/src/main/java/com/thc/sprbasic2025/service/impl/NewsletterServiceimpl.java. Using fallback presentation compiler.
2026.03.03 10:02:56 INFO  Started: Metals version 1.6.5 in folders '/Users/sw/Documents/workspace/swcenter' for client Visual Studio Code 1.109.5.
2026.03.03 10:02:56 INFO  Memory monitor started
2026.03.03 10:03:02 WARN  Using H2 2.4.240 which is newer than the version Flyway has been verified with. The latest verified version of H2 is 2.3.232.
2026.03.03 10:03:04 INFO  no build target found for /Users/sw/Documents/workspace/swcenter/src/main/java/com/thc/sprbasic2025/security/JwtAuthorizationFilter.java. Using fallback presentation compiler.
2026.03.03 10:03:05 INFO  no build target found for /Users/sw/Documents/workspace/swcenter/src/main/java/com/thc/sprbasic2025/security/JwtAuthorizationFilter.java. Using fallback presentation compiler.
Mar 03, 2026 10:03:05 AM org.eclipse.lsp4j.jsonrpc.RemoteEndpoint handleCancellation
WARNING: Unmatched cancel notification for request id 2
2026.03.03 10:03:05 INFO  no build target found for /Users/sw/Documents/workspace/swcenter/src/main/java/com/thc/sprbasic2025/security/JwtAuthorizationFilter.java. Using fallback presentation compiler.
2026.03.03 10:03:05 INFO  no build target found for /Users/sw/Documents/workspace/swcenter/src/main/java/com/thc/sprbasic2025/security/JwtAuthorizationFilter.java. Using fallback presentation compiler.
2026.03.03 10:03:05 INFO  no build target found for /Users/sw/Documents/workspace/swcenter/src/main/java/com/thc/sprbasic2025/security/JwtAuthorizationFilter.java. Using fallback presentation compiler.
2026.03.03 10:03:07 INFO  no build target found for /Users/sw/Documents/workspace/swcenter/src/main/java/com/thc/sprbasic2025/security/JwtAuthorizationFilter.java. Using fallback presentation compiler.
Mar 03, 2026 10:03:07 AM org.eclipse.lsp4j.jsonrpc.RemoteEndpoint handleCancellation
WARNING: Unmatched cancel notification for request id 9
Mar 03, 2026 10:03:07 AM org.eclipse.lsp4j.jsonrpc.RemoteEndpoint handleCancellation
WARNING: Unmatched cancel notification for request id 10
2026.03.03 10:03:07 INFO  no build target found for /Users/sw/Documents/workspace/swcenter/src/main/java/com/thc/sprbasic2025/security/JwtAuthorizationFilter.java. Using fallback presentation compiler.
2026.03.03 10:03:52 INFO  no build target found for /Users/sw/Documents/workspace/swcenter/src/main/java/com/thc/sprbasic2025/security/JwtAuthorizationFilter.java. Using fallback presentation compiler.
2026.03.03 10:03:54 INFO  no build target found for /Users/sw/Documents/workspace/swcenter/src/main/java/com/thc/sprbasic2025/security/JwtAuthorizationFilter.java. Using fallback presentation compiler.
2026.03.03 10:06:48 INFO  no build target found for /Users/sw/Documents/workspace/swcenter/src/main/java/com/thc/sprbasic2025/security/JwtAuthorizationFilter.java. Using fallback presentation compiler.
2026.03.03 10:06:48 INFO  no build target found for /Users/sw/Documents/workspace/swcenter/src/main/java/com/thc/sprbasic2025/security/JwtAuthorizationFilter.java. Using fallback presentation compiler.
2026.03.03 10:47:49 WARN  no build target for: /Users/sw/Documents/workspace/swcenter/src/main/java/com/thc/sprbasic2025/security/JwtAuthorizationFilter.java
2026.03.03 10:47:49 INFO  no build target found for /Users/sw/Documents/workspace/swcenter/src/main/java/com/thc/sprbasic2025/security/JwtAuthorizationFilter.java. Using fallback presentation compiler.
2026.03.03 14:41:07 INFO  no build target found for /Users/sw/Documents/workspace/swcenter/src/main/java/com/thc/sprbasic2025/security/JwtAuthorizationFilter.java. Using fallback presentation compiler.
2026.03.03 14:41:07 INFO  no build target found for /Users/sw/Documents/workspace/swcenter/src/main/java/com/thc/sprbasic2025/security/JwtAuthorizationFilter.java. Using fallback presentation compiler.
2026.03.03 14:41:07 INFO  no build target found for /Users/sw/Documents/workspace/swcenter/src/main/java/com/thc/sprbasic2025/security/JwtAuthorizationFilter.java. Using fallback presentation compiler.
Mar 03, 2026 2:41:07 PM org.eclipse.lsp4j.jsonrpc.RemoteEndpoint handleCancellation
WARNING: Unmatched cancel notification for request id 24
Mar 03, 2026 2:41:07 PM org.eclipse.lsp4j.jsonrpc.RemoteEndpoint handleCancellation
WARNING: Unmatched cancel notification for request id 25
2026.03.03 15:01:27 INFO  no build target found for /Users/sw/Documents/workspace/swcenter/src/main/java/com/thc/sprbasic2025/security/JwtAuthorizationFilter.java. Using fallback presentation compiler.
2026.03.03 15:01:50 INFO  Shutting down server
2026.03.03 15:01:50 INFO  Memory monitor stopped
2026.03.03 15:01:50 INFO  shutting down Metals
2026.03.03 15:01:50 INFO  Exiting server
2026.03.03 18:31:51 INFO  Started: Metals version 1.6.5 in folders '/Users/sw/Documents/workspace/swcenter' for client Visual Studio Code 1.109.5.[0m
2026.03.03 18:31:51 INFO  Memory monitor started[0m
2026.03.03 18:31:53 WARN  Using H2 2.4.240 which is newer than the version Flyway has been verified with. The latest verified version of H2 is 2.3.232.[0m
2026.03.03 18:31:53 INFO  no build target found for /Users/sw/Documents/workspace/swcenter/src/main/java/com/thc/sprbasic2025/security/JwtAuthorizationFilter.java. Using fallback presentation compiler.[0m
Mar 03, 2026 6:31:55 PM org.eclipse.lsp4j.jsonrpc.RemoteEndpoint handleCancellation
WARNING: Unmatched cancel notification for request id 2
2026.03.03 18:31:55 INFO  no build target found for /Users/sw/Documents/workspace/swcenter/src/main/java/com/thc/sprbasic2025/security/JwtAuthorizationFilter.java. Using fallback presentation compiler.[0m
2026.03.03 18:31:55 INFO  no build target found for /Users/sw/Documents/workspace/swcenter/src/main/java/com/thc/sprbasic2025/security/JwtAuthorizationFilter.java. Using fallback presentation compiler.[0m
2026.03.03 18:31:55 INFO  no build target found for /Users/sw/Documents/workspace/swcenter/src/main/java/com/thc/sprbasic2025/security/JwtAuthorizationFilter.java. Using fallback presentation compiler.[0m
2026.03.03 18:31:55 INFO  no build target found for /Users/sw/Documents/workspace/swcenter/src/main/java/com/thc/sprbasic2025/security/JwtAuthorizationFilter.java. Using fallback presentation compiler.[0m
2026.03.03 18:31:55 INFO  no build target found for /Users/sw/Documents/workspace/swcenter/src/main/java/com/thc/sprbasic2025/security/JwtAuthorizationFilter.java. Using fallback presentation compiler.[0m
Mar 03, 2026 6:31:55 PM org.eclipse.lsp4j.jsonrpc.RemoteEndpoint handleCancellation
WARNING: Unmatched cancel notification for request id 11
Mar 03, 2026 6:31:55 PM org.eclipse.lsp4j.jsonrpc.RemoteEndpoint handleCancellation
WARNING: Unmatched cancel notification for request id 9
2026.03.03 18:31:55 INFO  no build target found for /Users/sw/Documents/workspace/swcenter/src/main/java/com/thc/sprbasic2025/security/JwtAuthorizationFilter.java. Using fallback presentation compiler.[0m
2026.03.03 18:31:58 WARN  no build target for: /Users/sw/Documents/workspace/swcenter/src/main/java/com/thc/sprbasic2025/security/JwtAuthorizationFilter.java[0m
2026.03.03 18:32:24 INFO  no build target found for /Users/sw/Documents/workspace/swcenter/src/main/java/com/thc/sprbasic2025/security/JwtAuthorizationFilter.java. Using fallback presentation compiler.[0m
2026.03.03 18:32:25 INFO  no build target found for /Users/sw/Documents/workspace/swcenter/src/main/java/com/thc/sprbasic2025/security/JwtAuthorizationFilter.java. Using fallback presentation compiler.[0m
2026.03.03 18:32:30 INFO  no build target found for /Users/sw/Documents/workspace/swcenter/src/main/java/com/thc/sprbasic2025/security/JwtAuthorizationFilter.java. Using fallback presentation compiler.[0m
2026.03.03 18:32:32 INFO  no build target found for /Users/sw/Documents/workspace/swcenter/src/main/java/com/thc/sprbasic2025/security/JwtAuthorizationFilter.java. Using fallback presentation compiler.[0m
2026.03.03 20:39:16 INFO  no build target found for /Users/sw/Documents/workspace/swcenter/src/main/java/com/thc/sprbasic2025/security/JwtAuthorizationFilter.java. Using fallback presentation compiler.[0m
2026.03.04 02:30:39 INFO  Shutting down server[0m
2026.03.04 02:30:39 INFO  Memory monitor stopped[0m
2026.03.04 02:30:39 INFO  shutting down Metals[0m
2026.03.04 02:30:39 INFO  Exiting server[0m
2026.03.04 09:54:43 INFO  Started: Metals version 1.6.5 in folders '/Users/sw/Documents/workspace/swcenter' for client Visual Studio Code 1.109.5.
2026.03.04 09:54:43 INFO  Memory monitor started
2026.03.04 09:54:46 WARN  Using H2 2.4.240 which is newer than the version Flyway has been verified with. The latest verified version of H2 is 2.3.232.
2026.03.04 09:54:47 INFO  no build target found for /Users/sw/Documents/workspace/swcenter/src/main/java/com/thc/sprbasic2025/security/JwtAuthorizationFilter.java. Using fallback presentation compiler.
2026.03.04 09:54:49 INFO  no build target found for /Users/sw/Documents/workspace/swcenter/src/main/java/com/thc/sprbasic2025/security/JwtAuthorizationFilter.java. Using fallback presentation compiler.
Mar 04, 2026 9:54:49 AM org.eclipse.lsp4j.jsonrpc.RemoteEndpoint handleCancellation
WARNING: Unmatched cancel notification for request id 2
2026.03.04 09:54:49 INFO  no build target found for /Users/sw/Documents/workspace/swcenter/src/main/java/com/thc/sprbasic2025/security/JwtAuthorizationFilter.java. Using fallback presentation compiler.
2026.03.04 09:54:49 INFO  no build target found for /Users/sw/Documents/workspace/swcenter/src/main/java/com/thc/sprbasic2025/security/JwtAuthorizationFilter.java. Using fallback presentation compiler.
2026.03.04 09:54:51 INFO  no build target found for /Users/sw/Documents/workspace/swcenter/src/main/java/com/thc/sprbasic2025/security/JwtAuthorizationFilter.java. Using fallback presentation compiler.
2026.03.04 09:54:51 INFO  no build target found for /Users/sw/Documents/workspace/swcenter/src/main/java/com/thc/sprbasic2025/security/JwtAuthorizationFilter.java. Using fallback presentation compiler.
2026.03.04 09:54:59 WARN  no build target for: /Users/sw/Documents/workspace/swcenter/src/main/java/com/thc/sprbasic2025/security/JwtAuthorizationFilter.java
2026.03.04 09:54:59 INFO  no build target found for /Users/sw/Documents/workspace/swcenter/src/main/java/com/thc/sprbasic2025/security/JwtAuthorizationFilter.java. Using fallback presentation compiler.
2026.03.04 09:55:01 INFO  time: code lens generation in 1.59s
2026.03.04 09:55:36 INFO  no build target found for /Users/sw/Documents/workspace/swcenter/src/main/java/com/thc/sprbasic2025/security/JwtAuthorizationFilter.java. Using fallback presentation compiler.
2026.03.04 09:55:38 INFO  no build target found for /Users/sw/Documents/workspace/swcenter/src/main/java/com/thc/sprbasic2025/security/JwtAuthorizationFilter.java. Using fallback presentation compiler.
2026.03.04 09:55:46 INFO  no build target found for /Users/sw/Documents/workspace/swcenter/src/main/java/com/thc/sprbasic2025/security/JwtAuthorizationFilter.java. Using fallback presentation compiler.
2026.03.04 11:24:06 INFO  no build target found for /Users/sw/Documents/workspace/swcenter/src/main/java/com/thc/sprbasic2025/security/JwtAuthorizationFilter.java. Using fallback presentation compiler.
2026.03.04 11:25:01 INFO  Shutting down server
2026.03.04 11:25:01 INFO  Memory monitor stopped
2026.03.04 11:25:01 INFO  shutting down Metals
2026.03.04 11:25:01 INFO  Exiting server
2026.03.09 16:37:28 INFO  Started: Metals version 1.6.6 in folders '/Users/sw/Documents/workspace/swcenter' for client Visual Studio Code 1.109.5.
2026.03.09 16:37:28 INFO  Memory monitor started
2026.03.09 16:37:31 WARN  Using H2 2.4.240 which is newer than the version Flyway has been verified with. The latest verified version of H2 is 2.3.232.
2026.03.09 16:37:33 INFO  no build target found for /Users/sw/Documents/workspace/swcenter/src/main/java/com/thc/sprbasic2025/security/JwtAuthorizationFilter.java. Using fallback presentation compiler.
Mar 09, 2026 4:37:35 PM org.eclipse.lsp4j.jsonrpc.RemoteEndpoint handleCancellation
WARNING: Unmatched cancel notification for request id 2
Mar 09, 2026 4:37:35 PM org.eclipse.lsp4j.jsonrpc.RemoteEndpoint handleCancellation
WARNING: Unmatched cancel notification for request id 1
2026.03.09 16:38:25 WARN  no build target for: /Users/sw/Documents/workspace/swcenter/src/main/java/com/thc/sprbasic2025/security/JwtAuthorizationFilter.java
2026.03.09 16:38:43 INFO  no build target found for /Users/sw/Documents/workspace/swcenter/src/main/java/com/thc/sprbasic2025/security/JwtAuthorizationFilter.java. Using fallback presentation compiler.
2026.03.09 16:38:43 WARN  no build target for: /Users/sw/Documents/workspace/swcenter/src/main/java/com/thc/sprbasic2025/security/JwtAuthorizationFilter.java
2026.03.09 16:38:43 INFO  no build target found for /Users/sw/Documents/workspace/swcenter/src/main/java/com/thc/sprbasic2025/security/JwtAuthorizationFilter.java. Using fallback presentation compiler.
2026.03.09 16:38:44 INFO  no build target found for /Users/sw/Documents/workspace/swcenter/src/main/java/com/thc/sprbasic2025/security/JwtAuthorizationFilter.java. Using fallback presentation compiler.
2026.03.09 16:38:45 INFO  no build target found for /Users/sw/Documents/workspace/swcenter/src/main/java/com/thc/sprbasic2025/security/JwtAuthorizationFilter.java. Using fallback presentation compiler.
2026.03.09 16:39:19 INFO  no build target found for /Users/sw/Documents/workspace/swcenter/src/main/java/com/thc/sprbasic2025/security/JwtAuthorizationFilter.java. Using fallback presentation compiler.
2026.03.09 16:48:47 INFO  no build target found for /Users/sw/Documents/workspace/swcenter/src/main/java/com/thc/sprbasic2025/security/JwtAuthorizationFilter.java. Using fallback presentation compiler.
2026.03.10 14:35:08 INFO  no build target found for /Users/sw/Documents/workspace/swcenter/src/main/java/com/thc/sprbasic2025/security/JwtAuthorizationFilter.java. Using fallback presentation compiler.
2026.03.10 16:01:18 WARN  no build target for: /Users/sw/Documents/workspace/swcenter/src/main/java/com/thc/sprbasic2025/security/JwtAuthorizationFilter.java
2026.03.10 16:01:18 INFO  no build target found for /Users/sw/Documents/workspace/swcenter/src/main/java/com/thc/sprbasic2025/security/JwtAuthorizationFilter.java. Using fallback presentation compiler.
Mar 10, 2026 4:01:19 PM org.eclipse.lsp4j.jsonrpc.RemoteEndpoint handleCancellation
WARNING: Unmatched cancel notification for request id 43
2026.03.10 16:01:18 INFO  no build target found for /Users/sw/Documents/workspace/swcenter/src/main/java/com/thc/sprbasic2025/security/JwtAuthorizationFilter.java. Using fallback presentation compiler.
2026.03.10 16:01:19 WARN  no build target for: /Users/sw/Documents/workspace/swcenter/src/main/java/com/thc/sprbasic2025/config/SecurityConfig.java
2026.03.10 16:01:18 INFO  no build target found for /Users/sw/Documents/workspace/swcenter/src/main/java/com/thc/sprbasic2025/config/SecurityConfig.java. Using fallback presentation compiler.
Mar 10, 2026 4:01:19 PM org.eclipse.lsp4j.jsonrpc.RemoteEndpoint handleCancellation
WARNING: Unmatched cancel notification for request id 44
2026.03.10 16:01:18 INFO  no build target found for /Users/sw/Documents/workspace/swcenter/src/main/java/com/thc/sprbasic2025/config/SecurityConfig.java. Using fallback presentation compiler.
2026.03.10 16:01:20 INFO  Shutting down server
2026.03.10 16:01:20 INFO  Memory monitor stopped
2026.03.10 16:01:20 INFO  shutting down Metals
2026.03.10 16:01:20 INFO  Exiting server
2026.03.19 20:45:22 INFO  Started: Metals version 1.6.6 in folders '/Users/sw/Documents/workspace/swcenter' for client Visual Studio Code 1.111.0.
2026.03.19 20:45:22 INFO  Memory monitor started
2026.03.19 20:45:25 WARN  Using H2 2.4.240 which is newer than the version Flyway has been verified with. The latest verified version of H2 is 2.3.232.
2026.03.19 20:45:26 INFO  no build target found for /Users/sw/Documents/workspace/swcenter/src/main/java/com/thc/sprbasic2025/SprApplication.java. Using fallback presentation compiler.
Mar 19, 2026 8:45:27 PM org.eclipse.lsp4j.jsonrpc.RemoteEndpoint handleCancellation
WARNING: Unmatched cancel notification for request id 2
2026.03.19 20:45:26 INFO  no build target found for /Users/sw/Documents/workspace/swcenter/src/main/java/com/thc/sprbasic2025/SprApplication.java. Using fallback presentation compiler.
2026.03.19 20:45:27 INFO  no build target found for /Users/sw/Documents/workspace/swcenter/src/main/java/com/thc/sprbasic2025/SprApplication.java. Using fallback presentation compiler.
2026.03.19 20:45:27 INFO  no build target found for /Users/sw/Documents/workspace/swcenter/src/main/java/com/thc/sprbasic2025/SprApplication.java. Using fallback presentation compiler.
2026.03.19 20:45:27 INFO  no build target found for /Users/sw/Documents/workspace/swcenter/src/main/java/com/thc/sprbasic2025/SprApplication.java. Using fallback presentation compiler.
Mar 19, 2026 8:45:27 PM org.eclipse.lsp4j.jsonrpc.RemoteEndpoint handleCancellation
WARNING: Unmatched cancel notification for request id 8
Mar 19, 2026 8:45:27 PM org.eclipse.lsp4j.jsonrpc.RemoteEndpoint handleCancellation
WARNING: Unmatched cancel notification for request id 9
2026.03.19 20:45:28 INFO  no build target found for /Users/sw/Documents/workspace/swcenter/src/main/java/com/thc/sprbasic2025/SprApplication.java. Using fallback presentation compiler.
2026.03.19 20:45:31 INFO  running '/Users/sw/Documents/workspace/swcenter/gradlew --stacktrace --console=plain --init-script /var/folders/cl/__9tzszj26g0n4m7c3hfbhy80000gn/T/metals18320103000173403650/init-script.gradle bloopInstall'
2026.03.19 20:45:31 ERROR Running process '/Users/sw/Documents/workspace/swcenter/gradlew --stacktrace --console=plain --init-script /var/folders/cl/__9tzszj26g0n4m7c3hfbhy80000gn/T/metals18320103000173403650/init-script.gradle bloopInstall' failed
java.io.IOException: Cannot run program "/Users/sw/Documents/workspace/swcenter/gradlew" (in directory "/Users/sw/Documents/workspace/swcenter"): error=13, Permission denied
	at java.lang.ProcessBuilder.start(ProcessBuilder.java:1143)
	at java.lang.ProcessBuilder.start(ProcessBuilder.java:1073)
	at scala.meta.internal.process.SystemProcess$.run(SystemProcess.scala:48)
	at scala.meta.internal.builds.ShellRunner.run(ShellRunner.scala:102)
	at scala.meta.internal.builds.BloopInstall.runArgumentsUnconditionally(BloopInstall.scala:74)
	at scala.meta.internal.builds.BloopInstall.$anonfun$run$1(BloopInstall.scala:49)
	at scala.meta.internal.builds.BloopInstallProvider.bloopInstall(BloopInstallProvider.scala:22)
	at scala.meta.internal.builds.BloopInstallProvider.bloopInstall$(BloopInstallProvider.scala:17)
	at scala.meta.internal.builds.GradleBuildTool.bloopInstall(GradleBuildTool.scala:20)
	at scala.meta.internal.builds.BloopInstall.run(BloopInstall.scala:46)
	at scala.meta.internal.metals.ConnectionProvider$Connect$.bloopInstallAndConnect(ConnectionProvider.scala:696)
	at scala.meta.internal.metals.ConnectionProvider$Connect$.$anonfun$pollAndConnect$1(ConnectionProvider.scala:396)
	at scala.meta.internal.metals.ConnectionProvider$Connect$.$anonfun$pollAndConnect$1$adapted(ConnectionProvider.scala:374)
	at scala.Option.foreach(Option.scala:437)
	at scala.meta.internal.metals.ConnectionProvider$Connect$.pollAndConnect(ConnectionProvider.scala:374)
	at scala.meta.internal.metals.ConnectionProvider$Connect$.connect(ConnectionProvider.scala:332)
	at scala.meta.internal.metals.ConnectionProvider.runInstall$1(ConnectionProvider.scala:165)
	at scala.meta.internal.metals.ConnectionProvider.$anonfun$slowConnectToBuildServer$2(ConnectionProvider.scala:168)
	at scala.meta.internal.builds.BloopInstall.$anonfun$runIfApproved$3(BloopInstall.scala:153)
	at scala.concurrent.impl.Promise$Transformation.run(Promise.scala:503)
	at java.util.concurrent.ThreadPoolExecutor.runWorker(ThreadPoolExecutor.java:1136)
	at java.util.concurrent.ThreadPoolExecutor$Worker.run(ThreadPoolExecutor.java:635)
	at java.lang.Thread.run(Thread.java:840)
Caused by: java.io.IOException: error=13, Permission denied
	at java.lang.ProcessImpl.forkAndExec(Native Method)
	at java.lang.ProcessImpl.<init>(ProcessImpl.java:314)
	at java.lang.ProcessImpl.start(ProcessImpl.java:244)
	at java.lang.ProcessBuilder.start(ProcessBuilder.java:1110)
	at java.lang.ProcessBuilder.start(ProcessBuilder.java:1073)
	at scala.meta.internal.process.SystemProcess$.run(SystemProcess.scala:48)
	at scala.meta.internal.builds.ShellRunner.run(ShellRunner.scala:102)
	at scala.meta.internal.builds.BloopInstall.runArgumentsUnconditionally(BloopInstall.scala:74)
	at scala.meta.internal.builds.BloopInstall.$anonfun$run$1(BloopInstall.scala:49)
	at scala.meta.internal.builds.BloopInstallProvider.bloopInstall(BloopInstallProvider.scala:22)
	at scala.meta.internal.builds.BloopInstallProvider.bloopInstall$(BloopInstallProvider.scala:17)
	at scala.meta.internal.builds.GradleBuildTool.bloopInstall(GradleBuildTool.scala:20)
	at scala.meta.internal.builds.BloopInstall.run(BloopInstall.scala:46)
	at scala.meta.internal.metals.ConnectionProvider$Connect$.bloopInstallAndConnect(ConnectionProvider.scala:696)
	at scala.meta.internal.metals.ConnectionProvider$Connect$.$anonfun$pollAndConnect$1(ConnectionProvider.scala:396)
	at scala.meta.internal.metals.ConnectionProvider$Connect$.$anonfun$pollAndConnect$1$adapted(ConnectionProvider.scala:374)
	at scala.Option.foreach(Option.scala:437)
	at scala.meta.internal.metals.ConnectionProvider$Connect$.pollAndConnect(ConnectionProvider.scala:374)
	at scala.meta.internal.metals.ConnectionProvider$Connect$.connect(ConnectionProvider.scala:332)
	at scala.meta.internal.metals.ConnectionProvider.runInstall$1(ConnectionProvider.scala:165)
	at scala.meta.internal.metals.ConnectionProvider.$anonfun$slowConnectToBuildServer$2(ConnectionProvider.scala:168)
	at scala.meta.internal.builds.BloopInstall.$anonfun$runIfApproved$3(BloopInstall.scala:153)
	at scala.concurrent.impl.Promise$Transformation.run(Promise.scala:503)
	at java.util.concurrent.ThreadPoolExecutor.runWorker(ThreadPoolExecutor.java:1136)
	at java.util.concurrent.ThreadPoolExecutor$Worker.run(ThreadPoolExecutor.java:635)
	at java.lang.Thread.run(Thread.java:840)

2026.03.19 20:45:31 INFO  time: ran 'gradle bloopInstall' in 69ms
2026.03.19 20:45:31 ERROR Gradle command failed: /Users/sw/Documents/workspace/swcenter/gradlew --stacktrace --console=plain --init-script /var/folders/cl/__9tzszj26g0n4m7c3hfbhy80000gn/T/metals18320103000173403650/init-script.gradle bloopInstall
2026.03.19 20:45:31 WARN  no build target for: /Users/sw/Documents/workspace/swcenter/src/main/java/com/thc/sprbasic2025/SprApplication.java
2026.03.19 20:45:54 INFO  no build target found for /Users/sw/Documents/workspace/swcenter/src/main/java/com/thc/sprbasic2025/SprApplication.java. Using fallback presentation compiler.
2026.03.19 20:45:54 INFO  no build target found for /Users/sw/Documents/workspace/swcenter/src/main/java/com/thc/sprbasic2025/SprApplication.java. Using fallback presentation compiler.
2026.03.19 20:46:01 INFO  no build target found for /Users/sw/Documents/workspace/swcenter/src/main/java/com/thc/sprbasic2025/SprApplication.java. Using fallback presentation compiler.
2026.03.19 20:47:01 INFO  no build target found for /Users/sw/Documents/workspace/swcenter/src/main/java/com/thc/sprbasic2025/SprApplication.java. Using fallback presentation compiler.
2026.03.19 20:47:01 INFO  no build target found for /Users/sw/Documents/workspace/swcenter/src/main/java/com/thc/sprbasic2025/SprApplication.java. Using fallback presentation compiler.
Mar 19, 2026 8:47:07 PM org.eclipse.lsp4j.jsonrpc.services.GenericEndpoint notify
INFO: Unsupported notification method: $/setTrace
2026.03.19 20:47:07 INFO  no build target found for /Users/sw/Documents/workspace/swcenter/src/main/java/com/thc/sprbasic2025/SprApplication.java. Using fallback presentation compiler.
2026.03.19 20:47:07 INFO  no build target found for /Users/sw/Documents/workspace/swcenter/src/main/java/com/thc/sprbasic2025/SprApplication.java. Using fallback presentation compiler.
Mar 19, 2026 8:47:10 PM org.eclipse.lsp4j.jsonrpc.services.GenericEndpoint notify
INFO: Unsupported notification method: $/setTrace
2026.03.19 20:47:12 INFO  no build target found for /Users/sw/Documents/workspace/swcenter/src/main/java/com/thc/sprbasic2025/SprApplication.java. Using fallback presentation compiler.
2026.03.19 21:02:17 INFO  no build target found for /Users/sw/Documents/workspace/swcenter/src/main/java/com/thc/sprbasic2025/SprApplication.java. Using fallback presentation compiler.
2026.03.19 21:04:19 INFO  no build target found for /Users/sw/Documents/workspace/swcenter/src/main/java/com/thc/sprbasic2025/SprApplication.java. Using fallback presentation compiler.
2026.03.19 21:18:01 INFO  no build target found for /Users/sw/Documents/workspace/swcenter/src/main/java/com/thc/sprbasic2025/SprApplication.java. Using fallback presentation compiler.
Mar 19, 2026 9:18:01 PM org.eclipse.lsp4j.jsonrpc.RemoteEndpoint handleCancellation
WARNING: Unmatched cancel notification for request id 56
